---
source: contracts/account/manager/tests/proxy.rs
expression: all_storage
---
"abstract:account-factory":
  - - acseq
    - "2"
  - - cfg
    - "{\"version_control_contract\":\"contract1\",\"ans_host_contract\":\"contract0\",\"module_factory_address\":\"contract2\",\"ibc_host\":\"contract5\"}"
  - - contract_info
    - "{\"contract\":\"abstract:account-factory\",\"version\":\"0.20.0\"}"
  - - ownership
    - "{\"owner\":\"owner\",\"pending_owner\":null,\"pending_expiry\":null}"
"abstract:ans-host":
  - - config
    - "{\"next_unique_pool_id\":1}"
  - - contract_info
    - "{\"contract\":\"abstract:ans-host\",\"version\":\"0.20.0\"}"
  - - ownership
    - "{\"owner\":\"owner\",\"pending_owner\":null,\"pending_expiry\":null}"
  - - registered_dexes
    - "[]"
"abstract:ibc-client":
  - - config
    - "{\"version_control\":{\"address\":\"contract1\"},\"ans_host\":{\"address\":\"contract0\"}}"
  - - contract_info
    - "{\"contract\":\"abstract:ibc-client\",\"version\":\"0.20.0\"}"
  - - module_data
    - "{\"module\":\"abstract:ibc-client\",\"version\":\"0.20.0\",\"dependencies\":[],\"metadata\":null}"
  - - ownership
    - "{\"owner\":\"owner\",\"pending_owner\":null,\"pending_expiry\":null}"
"abstract:ibc-host":
  - - cfg
    - "{\"ans_host\":{\"address\":\"contract0\"},\"account_factory\":\"contract3\",\"version_control\":{\"address\":\"contract1\"}}"
  - - contract_info
    - "{\"contract\":\"abstract:ibc-host\",\"version\":\"0.20.0\"}"
  - - ownership
    - "{\"owner\":\"owner\",\"pending_owner\":null,\"pending_expiry\":null}"
"abstract:manager-local-0":
  - - "\u0000\u0007modulesabstract:proxy"
    - "\"¡lVë\\n»RiÂà×ÄN¾XÎMÂ\\u0004\\u0018Þng\\u000Bóq\\u001E<¤ª\""
  - - "\u0000{12}is_suspended"
    - "false"
  - - "\u0000{4}info"
    - "{\"name\":\"Default Abstract Account\",\"governance_details\":{\"Monarchy\":{\"monarch\":\"owner\"}},\"chain_id\":\"cosmos-testnet-14002\",\"description\":null,\"link\":null}"
  - - "\u0000{6}config"
    - "{\"version_control_address\":\"contract1\",\"module_factory_address\":\"contract2\"}"
  - - acc_id
    - "{\"trace\":\"local\",\"seq\":0}"
  - - context
    - "[]"
  - - contract_info
    - "{\"contract\":\"abstract:manager\",\"version\":\"0.20.0\"}"
  - - ownership
    - "{\"owner\":\"owner\",\"pending_owner\":null,\"pending_expiry\":null}"
"abstract:manager-local-1":
  - - "\u0000\u0007modulesabstract:proxy"
    - "\"\\u000F\u007fòßnHÕqa°ÊT)­M~ÉñÊY'\\u0005z\\u0019]¢þ{\\u0016\""
  - - "\u0000{12}is_suspended"
    - "false"
  - - "\u0000{4}info"
    - "{\"name\":\"Default Abstract Account\",\"governance_details\":{\"Monarchy\":{\"monarch\":\"owner\"}},\"chain_id\":\"cosmos-testnet-14002\",\"description\":null,\"link\":null}"
  - - "\u0000{6}config"
    - "{\"version_control_address\":\"contract1\",\"module_factory_address\":\"contract2\"}"
  - - acc_id
    - "{\"trace\":\"local\",\"seq\":1}"
  - - context
    - "[]"
  - - contract_info
    - "{\"contract\":\"abstract:manager\",\"version\":\"0.20.0\"}"
  - - ownership
    - "{\"owner\":\"owner\",\"pending_owner\":null,\"pending_expiry\":null}"
"abstract:module-factory":
  - - "\u0000{5}config"
    - "{\"version_control_address\":\"contract1\",\"ans_host_address\":\"contract0\"}"
  - - contract_info
    - "{\"contract\":\"abstract:module-factory\",\"version\":\"0.20.0\"}"
  - - ownership
    - "{\"owner\":\"owner\",\"pending_owner\":null,\"pending_expiry\":null}"
"abstract:proxy-local-0":
  - - "\u0000{5}state"
    - "{\"modules\":[\"âÝ,s?&>Y\\\\\\u0014·þ 44\\u0001\\u0014Dú~;t©Þ¾1FÛ\\u0002öü\"]}"
  - - "\u0000{6}ans_host"
    - "{\"address\":\"contract0\"}"
  - - acc_id
    - "{\"trace\":\"local\",\"seq\":0}"
  - - admin
    - "\"âÝ,s?&>Y\\\\\\u0014·þ 44\\u0001\\u0014Dú~;t©Þ¾1FÛ\\u0002öü\""
  - - contract_info
    - "{\"contract\":\"abstract:proxy\",\"version\":\"0.20.0\"}"
"abstract:proxy-local-1":
  - - "\u0000{5}state"
    - "{\"modules\":[\"v\\u0019H%,Ð\\bð ú×i-iù^Æè\\u001F\\u0001T?¹ÆÅzãûÉ\"]}"
  - - "\u0000{6}ans_host"
    - "{\"address\":\"contract0\"}"
  - - acc_id
    - "{\"trace\":\"local\",\"seq\":1}"
  - - admin
    - "\"v\\u0019H%,Ð\\bð ú×i-iù^Æè\\u001F\\u0001T?¹ÆÅzãûÉ\""
  - - contract_info
    - "{\"contract\":\"abstract:proxy\",\"version\":\"0.20.0\"}"
"abstract:version-control":
  - - "\u0000\u0003lib\u0000\babstract\u0000\u0005proxy0.20.0"
    - "{\"account_base\":6}"
  - - "\u0000\u0003lib\u0000\babstract\u0000\u0007manager0.20.0"
    - "{\"account_base\":5}"
  - - "\u0000\u0003lib\u0000\babstract\u0000\bans-host0.20.0"
    - "{\"native\":\"contract0\"}"
  - - "\u0000\u0003lib\u0000\babstract\u0000\nibc-client0.20.0"
    - "{\"native\":\"contract4\"}"
  - - "\u0000\u0003lib\u0000\babstract\u0000\u000emodule-factory0.20.0"
    - "{\"native\":\"contract2\"}"
  - - "\u0000\u0003lib\u0000\babstract\u0000\u000faccount-factory0.20.0"
    - "{\"native\":\"contract3\"}"
  - - "\u0000\u0003lib\u0000\babstract\u0000\u000fversion-control0.20.0"
    - "{\"native\":\"contract1\"}"
  - - "\u0000\u0004accs\u0000\u0005local\u0000\u0000\u0000\u0000"
    - "{\"manager\":\"âÝ,s?&>Y\\\\\\u0014·þ 44\\u0001\\u0014Dú~;t©Þ¾1FÛ\\u0002öü\",\"proxy\":\"¡lVë\\n»RiÂà×ÄN¾XÎMÂ\\u0004\\u0018Þng\\u000Bóq\\u001E<¤ª\"}"
  - - "\u0000\u0004accs\u0000\u0005local\u0000\u0000\u0000\u0001"
    - "{\"manager\":\"v\\u0019H%,Ð\\bð ú×i-iù^Æè\\u001F\\u0001T?¹ÆÅzãûÉ\",\"proxy\":\"\\u000F\u007fòßnHÕqa°ÊT)­M~ÉñÊY'\\u0005z\\u0019]¢þ{\\u0016\"}"
  - - "\u0000\u0005nmspcabstract"
    - "{\"trace\":\"local\",\"seq\":0}"
  - - "\u0000\u0007nmspc_a\u0000\u0005local\u0000\u0004\u0000\u0000\u0000\u0000abstract"
    - "8"
  - - cfg
    - "{\"account_factory_address\":\"contract3\",\"allow_direct_module_registration_and_updates\":true,\"namespace_registration_fee\":null}"
  - - contract_info
    - "{\"contract\":\"abstract:version-control\",\"version\":\"0.20.0\"}"
  - - ownership
    - "{\"owner\":\"owner\",\"pending_owner\":null,\"pending_expiry\":null}"

