---
source: contracts/account/manager/tests/subaccount.rs
expression: all_storage
---
"abstract:account-factory":
  - - acseq
    - "5"
  - - cfg
    - "{\"version_control_contract\":\"mock1wug8sewp6cedgkmrmvhl3lf3tulagm9hnvy8p0rppz9yjw0g4wtqwm38hv\",\"ans_host_contract\":\"mock1mzdhwvvh22wrt07w59wxyd58822qavwkx5lcej7aqfkpqqlhaqfsetqc4t\",\"module_factory_address\":\"mock1wkwy0xh89ksdgj9hr347dyd2dw7zesmtrue6kfzyml4vdtz6e5wsldye53\",\"ibc_host\":\"mock14ejqjyq8um4p3xfqj74yld5waqljf88fz25yxnma0cngspxe3les6xzvf5\"}"
  - - contract_info
    - "{\"contract\":\"abstract:account-factory\",\"version\":\"0.20.0\"}"
  - - ownership
    - "{\"owner\":\"mock1pgm8hyk0pvphmlvfjc8wsvk4daluz5tgrw6pu5mfpemk74uxnx9qwrtv4f\",\"pending_owner\":null,\"pending_expiry\":null}"
"abstract:ans-host":
  - - config
    - "{\"next_unique_pool_id\":1}"
  - - contract_info
    - "{\"contract\":\"abstract:ans-host\",\"version\":\"0.20.0\"}"
  - - ownership
    - "{\"owner\":\"mock1pgm8hyk0pvphmlvfjc8wsvk4daluz5tgrw6pu5mfpemk74uxnx9qwrtv4f\",\"pending_owner\":null,\"pending_expiry\":null}"
  - - registered_dexes
    - "[]"
"abstract:ibc-client":
  - - config
    - "{\"version_control\":{\"address\":\"mock1wug8sewp6cedgkmrmvhl3lf3tulagm9hnvy8p0rppz9yjw0g4wtqwm38hv\"},\"ans_host\":{\"address\":\"mock1mzdhwvvh22wrt07w59wxyd58822qavwkx5lcej7aqfkpqqlhaqfsetqc4t\"}}"
  - - contract_info
    - "{\"contract\":\"abstract:ibc-client\",\"version\":\"0.20.0\"}"
  - - module_data
    - "{\"module\":\"abstract:ibc-client\",\"version\":\"0.20.0\",\"dependencies\":[],\"metadata\":null}"
  - - ownership
    - "{\"owner\":\"mock1pgm8hyk0pvphmlvfjc8wsvk4daluz5tgrw6pu5mfpemk74uxnx9qwrtv4f\",\"pending_owner\":null,\"pending_expiry\":null}"
"abstract:ibc-host":
  - - cfg
    - "{\"ans_host\":{\"address\":\"mock1mzdhwvvh22wrt07w59wxyd58822qavwkx5lcej7aqfkpqqlhaqfsetqc4t\"},\"account_factory\":\"mock17p9rzwnnfxcjp32un9ug7yhhzgtkhvl9jfksztgw5uh69wac2pgszycl2y\",\"version_control\":{\"address\":\"mock1wug8sewp6cedgkmrmvhl3lf3tulagm9hnvy8p0rppz9yjw0g4wtqwm38hv\"}}"
  - - contract_info
    - "{\"contract\":\"abstract:ibc-host\",\"version\":\"0.20.0\"}"
  - - ownership
    - "{\"owner\":\"mock1pgm8hyk0pvphmlvfjc8wsvk4daluz5tgrw6pu5mfpemk74uxnx9qwrtv4f\",\"pending_owner\":null,\"pending_expiry\":null}"
"abstract:manager-local-0":
  - - "\u0000\u0007modulesabstract:proxy"
    - "\"mock18dmqux7kjektxhjxlrdxnt6nrvffa3w82l8h0zns9smffvwy47lq0mtca5\""
  - - "\u0000{12}is_suspended"
    - "false"
  - - "\u0000{4}info"
    - "{\"name\":\"Default Abstract Account\",\"governance_details\":{\"Monarchy\":{\"monarch\":\"mock1pgm8hyk0pvphmlvfjc8wsvk4daluz5tgrw6pu5mfpemk74uxnx9qwrtv4f\"}},\"chain_id\":\"cosmos-testnet-14002\",\"description\":null,\"link\":null}"
  - - "\u0000{6}config"
    - "{\"version_control_address\":\"mock1wug8sewp6cedgkmrmvhl3lf3tulagm9hnvy8p0rppz9yjw0g4wtqwm38hv\",\"module_factory_address\":\"mock1wkwy0xh89ksdgj9hr347dyd2dw7zesmtrue6kfzyml4vdtz6e5wsldye53\"}"
  - - acc_id
    - "{\"trace\":\"local\",\"seq\":0}"
  - - context
    - "[]"
  - - contract_info
    - "{\"contract\":\"abstract:manager\",\"version\":\"0.20.0\"}"
  - - ownership
    - "{\"owner\":\"mock1pgm8hyk0pvphmlvfjc8wsvk4daluz5tgrw6pu5mfpemk74uxnx9qwrtv4f\",\"pending_owner\":null,\"pending_expiry\":null}"
"abstract:manager-local-1":
  - - "\u0000\u0007modulesabstract:proxy"
    - "\"mock16klrp72jer370smm9kqc2wstpaer8xgtxclz3qtjpehsa5ngvs8sxetu9n\""
  - - "\u0000\bsub_accs\u0000\u0000\u0000\u0002"
    - "{}"
  - - "\u0000{12}is_suspended"
    - "false"
  - - "\u0000{4}info"
    - "{\"name\":\"Default Abstract Account\",\"governance_details\":{\"Monarchy\":{\"monarch\":\"mock1pgm8hyk0pvphmlvfjc8wsvk4daluz5tgrw6pu5mfpemk74uxnx9qwrtv4f\"}},\"chain_id\":\"cosmos-testnet-14002\",\"description\":null,\"link\":null}"
  - - "\u0000{6}config"
    - "{\"version_control_address\":\"mock1wug8sewp6cedgkmrmvhl3lf3tulagm9hnvy8p0rppz9yjw0g4wtqwm38hv\",\"module_factory_address\":\"mock1wkwy0xh89ksdgj9hr347dyd2dw7zesmtrue6kfzyml4vdtz6e5wsldye53\"}"
  - - acc_id
    - "{\"trace\":\"local\",\"seq\":1}"
  - - context
    - "[]"
  - - contract_info
    - "{\"contract\":\"abstract:manager\",\"version\":\"0.20.0\"}"
  - - ownership
    - "{\"owner\":\"mock1pgm8hyk0pvphmlvfjc8wsvk4daluz5tgrw6pu5mfpemk74uxnx9qwrtv4f\",\"pending_owner\":null,\"pending_expiry\":null}"
"abstract:manager-local-2":
  - - "\u0000\u0007modulesabstract:proxy"
    - "\"mock1sm88dk5dj5tz2c7p299ra7k7339jf0tl4x7zx6xmgz7g4hjke6qsvjvehz\""
  - - "\u0000\bsub_accs\u0000\u0000\u0000\u0004"
    - "{}"
  - - "\u0000{12}is_suspended"
    - "false"
  - - "\u0000{4}info"
    - "{\"name\":\"My subaccount\",\"governance_details\":{\"SubAccount\":{\"manager\":\"mock1uwk4jq3f28e2lpt4fr33vpg8y96emkxl2y3aumqkg0wqqh39mjmswrrufs\",\"proxy\":\"mock16klrp72jer370smm9kqc2wstpaer8xgtxclz3qtjpehsa5ngvs8sxetu9n\"}},\"chain_id\":\"cosmos-testnet-14002\",\"description\":null,\"link\":null}"
  - - "\u0000{6}config"
    - "{\"version_control_address\":\"mock1wug8sewp6cedgkmrmvhl3lf3tulagm9hnvy8p0rppz9yjw0g4wtqwm38hv\",\"module_factory_address\":\"mock1wkwy0xh89ksdgj9hr347dyd2dw7zesmtrue6kfzyml4vdtz6e5wsldye53\"}"
  - - acc_id
    - "{\"trace\":\"local\",\"seq\":2}"
  - - context
    - "[]"
  - - contract_info
    - "{\"contract\":\"abstract:manager\",\"version\":\"0.20.0\"}"
  - - ownership
    - "{\"owner\":\"mock16klrp72jer370smm9kqc2wstpaer8xgtxclz3qtjpehsa5ngvs8sxetu9n\",\"pending_owner\":null,\"pending_expiry\":null}"
"abstract:manager-local-3":
  - - "\u0000\u0007modulesabstract:proxy"
    - "\"mock1nawfycez4gfzx5w2u78ghqs5hd4uens9fasva34y27tm3n52vpgs9a577s\""
  - - "\u0000{12}is_suspended"
    - "false"
  - - "\u0000{4}info"
    - "{\"name\":\"Default Abstract Account\",\"governance_details\":{\"Monarchy\":{\"monarch\":\"mock1pgm8hyk0pvphmlvfjc8wsvk4daluz5tgrw6pu5mfpemk74uxnx9qwrtv4f\"}},\"chain_id\":\"cosmos-testnet-14002\",\"description\":null,\"link\":null}"
  - - "\u0000{6}config"
    - "{\"version_control_address\":\"mock1wug8sewp6cedgkmrmvhl3lf3tulagm9hnvy8p0rppz9yjw0g4wtqwm38hv\",\"module_factory_address\":\"mock1wkwy0xh89ksdgj9hr347dyd2dw7zesmtrue6kfzyml4vdtz6e5wsldye53\"}"
  - - acc_id
    - "{\"trace\":\"local\",\"seq\":3}"
  - - context
    - "[]"
  - - contract_info
    - "{\"contract\":\"abstract:manager\",\"version\":\"0.20.0\"}"
  - - ownership
    - "{\"owner\":\"mock1pgm8hyk0pvphmlvfjc8wsvk4daluz5tgrw6pu5mfpemk74uxnx9qwrtv4f\",\"pending_owner\":null,\"pending_expiry\":null}"
"abstract:manager-local-4":
  - - "\u0000\u0007modulesabstract:proxy"
    - "\"mock1pq5fgzlr5rfjj9uey8ndnph3jx8jz887cwmd99lg64heygvv79vs3durep\""
  - - "\u0000{12}is_suspended"
    - "false"
  - - "\u0000{4}info"
    - "{\"name\":\"My second subaccount\",\"governance_details\":{\"SubAccount\":{\"manager\":\"mock15fral0gsaymtsr6gajav07xh58ljw6ucqznntfwszqka76682y3sjn7wlv\",\"proxy\":\"mock1sm88dk5dj5tz2c7p299ra7k7339jf0tl4x7zx6xmgz7g4hjke6qsvjvehz\"}},\"chain_id\":\"cosmos-testnet-14002\",\"description\":null,\"link\":null}"
  - - "\u0000{6}config"
    - "{\"version_control_address\":\"mock1wug8sewp6cedgkmrmvhl3lf3tulagm9hnvy8p0rppz9yjw0g4wtqwm38hv\",\"module_factory_address\":\"mock1wkwy0xh89ksdgj9hr347dyd2dw7zesmtrue6kfzyml4vdtz6e5wsldye53\"}"
  - - acc_id
    - "{\"trace\":\"local\",\"seq\":4}"
  - - context
    - "[]"
  - - contract_info
    - "{\"contract\":\"abstract:manager\",\"version\":\"0.20.0\"}"
  - - ownership
    - "{\"owner\":\"mock1sm88dk5dj5tz2c7p299ra7k7339jf0tl4x7zx6xmgz7g4hjke6qsvjvehz\",\"pending_owner\":null,\"pending_expiry\":null}"
"abstract:module-factory":
  - - "\u0000{5}config"
    - "{\"version_control_address\":\"mock1wug8sewp6cedgkmrmvhl3lf3tulagm9hnvy8p0rppz9yjw0g4wtqwm38hv\",\"ans_host_address\":\"mock1mzdhwvvh22wrt07w59wxyd58822qavwkx5lcej7aqfkpqqlhaqfsetqc4t\"}"
  - - contract_info
    - "{\"contract\":\"abstract:module-factory\",\"version\":\"0.20.0\"}"
  - - ownership
    - "{\"owner\":\"mock1pgm8hyk0pvphmlvfjc8wsvk4daluz5tgrw6pu5mfpemk74uxnx9qwrtv4f\",\"pending_owner\":null,\"pending_expiry\":null}"
"abstract:proxy-local-0":
  - - "\u0000{5}state"
    - "{\"modules\":[\"mock1nvqtjjxkdpqtd74zwggnw4nk263uhszps68l8q4g9nz7emttkc3q5lp2w4\"]}"
  - - "\u0000{6}ans_host"
    - "{\"address\":\"mock1mzdhwvvh22wrt07w59wxyd58822qavwkx5lcej7aqfkpqqlhaqfsetqc4t\"}"
  - - acc_id
    - "{\"trace\":\"local\",\"seq\":0}"
  - - admin
    - "\"mock1nvqtjjxkdpqtd74zwggnw4nk263uhszps68l8q4g9nz7emttkc3q5lp2w4\""
  - - contract_info
    - "{\"contract\":\"abstract:proxy\",\"version\":\"0.20.0\"}"
"abstract:proxy-local-1":
  - - "\u0000{5}state"
    - "{\"modules\":[\"mock1uwk4jq3f28e2lpt4fr33vpg8y96emkxl2y3aumqkg0wqqh39mjmswrrufs\"]}"
  - - "\u0000{6}ans_host"
    - "{\"address\":\"mock1mzdhwvvh22wrt07w59wxyd58822qavwkx5lcej7aqfkpqqlhaqfsetqc4t\"}"
  - - acc_id
    - "{\"trace\":\"local\",\"seq\":1}"
  - - admin
    - "\"mock1uwk4jq3f28e2lpt4fr33vpg8y96emkxl2y3aumqkg0wqqh39mjmswrrufs\""
  - - contract_info
    - "{\"contract\":\"abstract:proxy\",\"version\":\"0.20.0\"}"
"abstract:proxy-local-2":
  - - "\u0000{5}state"
    - "{\"modules\":[\"mock15fral0gsaymtsr6gajav07xh58ljw6ucqznntfwszqka76682y3sjn7wlv\",\"mock1ss2rtya5wf7xft2ktc3gqt5e9c9k9menzr57a37d47e0aq0nckkq3e6zkm\"]}"
  - - "\u0000{6}ans_host"
    - "{\"address\":\"mock1mzdhwvvh22wrt07w59wxyd58822qavwkx5lcej7aqfkpqqlhaqfsetqc4t\"}"
  - - acc_id
    - "{\"trace\":\"local\",\"seq\":2}"
  - - admin
    - "\"mock15fral0gsaymtsr6gajav07xh58ljw6ucqznntfwszqka76682y3sjn7wlv\""
  - - contract_info
    - "{\"contract\":\"abstract:proxy\",\"version\":\"0.20.0\"}"
"abstract:proxy-local-3":
  - - "\u0000{5}state"
    - "{\"modules\":[\"mock1k4k00reqvqhgr0yknmc0d4qvxyd6jd6jw8freane7xlevvlq2jhqp6y66t\"]}"
  - - "\u0000{6}ans_host"
    - "{\"address\":\"mock1mzdhwvvh22wrt07w59wxyd58822qavwkx5lcej7aqfkpqqlhaqfsetqc4t\"}"
  - - acc_id
    - "{\"trace\":\"local\",\"seq\":3}"
  - - admin
    - "\"mock1k4k00reqvqhgr0yknmc0d4qvxyd6jd6jw8freane7xlevvlq2jhqp6y66t\""
  - - contract_info
    - "{\"contract\":\"abstract:proxy\",\"version\":\"0.20.0\"}"
"abstract:proxy-local-4":
  - - "\u0000{5}state"
    - "{\"modules\":[\"mock1keqf3wup90plmr844jaqrjmcjyaswg3azmvxu2kx3kgam6gtu2nsujrak5\"]}"
  - - "\u0000{6}ans_host"
    - "{\"address\":\"mock1mzdhwvvh22wrt07w59wxyd58822qavwkx5lcej7aqfkpqqlhaqfsetqc4t\"}"
  - - acc_id
    - "{\"trace\":\"local\",\"seq\":4}"
  - - admin
    - "\"mock1keqf3wup90plmr844jaqrjmcjyaswg3azmvxu2kx3kgam6gtu2nsujrak5\""
  - - contract_info
    - "{\"contract\":\"abstract:proxy\",\"version\":\"0.20.0\"}"
"abstract:version-control":
  - - "\u0000\u0003lib\u0000\babstract\u0000\u0005proxy0.20.0"
    - "{\"account_base\":6}"
  - - "\u0000\u0003lib\u0000\babstract\u0000\u0007manager0.20.0"
    - "{\"account_base\":5}"
  - - "\u0000\u0003lib\u0000\babstract\u0000\bans-host0.20.0"
    - "{\"native\":\"mock1mzdhwvvh22wrt07w59wxyd58822qavwkx5lcej7aqfkpqqlhaqfsetqc4t\"}"
  - - "\u0000\u0003lib\u0000\babstract\u0000\nibc-client0.20.0"
    - "{\"native\":\"mock1aaf9r6s7nxhysuegqrxv0wpm27ypyv4886medd3mrkrw6t4yfcns7ctvz5\"}"
  - - "\u0000\u0003lib\u0000\babstract\u0000\u000emodule-factory0.20.0"
    - "{\"native\":\"mock1wkwy0xh89ksdgj9hr347dyd2dw7zesmtrue6kfzyml4vdtz6e5wsldye53\"}"
  - - "\u0000\u0003lib\u0000\babstract\u0000\u000faccount-factory0.20.0"
    - "{\"native\":\"mock17p9rzwnnfxcjp32un9ug7yhhzgtkhvl9jfksztgw5uh69wac2pgszycl2y\"}"
  - - "\u0000\u0003lib\u0000\babstract\u0000\u000fversion-control0.20.0"
    - "{\"native\":\"mock1wug8sewp6cedgkmrmvhl3lf3tulagm9hnvy8p0rppz9yjw0g4wtqwm38hv\"}"
  - - "\u0000\u0004accs\u0000\u0005local\u0000\u0000\u0000\u0000"
    - "{\"manager\":\"mock1nvqtjjxkdpqtd74zwggnw4nk263uhszps68l8q4g9nz7emttkc3q5lp2w4\",\"proxy\":\"mock18dmqux7kjektxhjxlrdxnt6nrvffa3w82l8h0zns9smffvwy47lq0mtca5\"}"
  - - "\u0000\u0004accs\u0000\u0005local\u0000\u0000\u0000\u0001"
    - "{\"manager\":\"mock1uwk4jq3f28e2lpt4fr33vpg8y96emkxl2y3aumqkg0wqqh39mjmswrrufs\",\"proxy\":\"mock16klrp72jer370smm9kqc2wstpaer8xgtxclz3qtjpehsa5ngvs8sxetu9n\"}"
  - - "\u0000\u0004accs\u0000\u0005local\u0000\u0000\u0000\u0002"
    - "{\"manager\":\"mock15fral0gsaymtsr6gajav07xh58ljw6ucqznntfwszqka76682y3sjn7wlv\",\"proxy\":\"mock1sm88dk5dj5tz2c7p299ra7k7339jf0tl4x7zx6xmgz7g4hjke6qsvjvehz\"}"
  - - "\u0000\u0004accs\u0000\u0005local\u0000\u0000\u0000\u0003"
    - "{\"manager\":\"mock1k4k00reqvqhgr0yknmc0d4qvxyd6jd6jw8freane7xlevvlq2jhqp6y66t\",\"proxy\":\"mock1nawfycez4gfzx5w2u78ghqs5hd4uens9fasva34y27tm3n52vpgs9a577s\"}"
  - - "\u0000\u0004accs\u0000\u0005local\u0000\u0000\u0000\u0004"
    - "{\"manager\":\"mock1keqf3wup90plmr844jaqrjmcjyaswg3azmvxu2kx3kgam6gtu2nsujrak5\",\"proxy\":\"mock1pq5fgzlr5rfjj9uey8ndnph3jx8jz887cwmd99lg64heygvv79vs3durep\"}"
  - - "\u0000\u0005nmspcabstract"
    - "{\"trace\":\"local\",\"seq\":0}"
  - - "\u0000\u0007nmspc_a\u0000\u0005local\u0000\u0004\u0000\u0000\u0000\u0000abstract"
    - "8"
  - - cfg
    - "{\"account_factory_address\":\"mock17p9rzwnnfxcjp32un9ug7yhhzgtkhvl9jfksztgw5uh69wac2pgszycl2y\",\"allow_direct_module_registration_and_updates\":true,\"namespace_registration_fee\":null}"
  - - contract_info
    - "{\"contract\":\"abstract:version-control\",\"version\":\"0.20.0\"}"
  - - ownership
    - "{\"owner\":\"mock1pgm8hyk0pvphmlvfjc8wsvk4daluz5tgrw6pu5mfpemk74uxnx9qwrtv4f\",\"pending_owner\":null,\"pending_expiry\":null}"

